// Jest Snapshot v1, https://goo.gl/fbAQLP

exports[`TodoList renders correctly 1`] = `
<div
  className="mantine-Container-root mantine-15pjuqq"
>
  Nothing Todo
</div>
`;
